#-----------------------------------------------------------
# Vivado v2025.1 (64-bit)
# SW Build 6140274 on Thu May 22 00:12:29 MDT 2025
# IP Build 6138677 on Thu May 22 03:10:11 MDT 2025
# SharedData Build 6139179 on Tue May 20 17:58:58 MDT 2025
# Start of session at: Fri Oct 31 12:48:19 2025
# Process ID         : 8376
# Current directory  : C:/Users/nguye/Desktop/artya7/artya7.runs/impl_1
# Command line       : vivado.exe -log top.vdi -applog -product Vivado -messageDb vivado.pb -mode batch -source top.tcl -notrace
# Log file           : C:/Users/nguye/Desktop/artya7/artya7.runs/impl_1/top.vdi
# Journal file       : C:/Users/nguye/Desktop/artya7/artya7.runs/impl_1\vivado.jou
# Running On         : Binh
# Platform           : Windows Server 2016 or Windows 10
# Operating System   : 26200
# Processor Detail   : 11th Gen Intel(R) Core(TM) i7-11850H @ 2.50GHz
# CPU Frequency      : 2496 MHz
# CPU Physical cores : 8
# CPU Logical cores  : 16
# Host memory        : 67865 MB
# Swap memory        : 4294 MB
# Total Virtual      : 72160 MB
# Available Virtual  : 48626 MB
#-----------------------------------------------------------
source top.tcl -notrace
